GDTEST_OK
key1 value1
2 value2
key3 3
4 4
5.01 5.01
